{"sessionId":"a08cc0","hypothesisId":"H-shim","location":"nxp.cmd","message":"nxp shim invoked","data":{"rawArgs":"expo go"},"timestamp":0}
{"sessionId":"a08cc0","hypothesisId":"H32","location":"nxp.cmd","message":"Routing expo go through run-mobile.cmd for stable Expo Go behavior","data":{},"timestamp":0}
{"sessionId":"a08cc0","runId":"run-mobile-cmd","hypothesisId":"H11","location":"run-mobile.cmd","message":"Project launcher started","data":{"mobile":"C:\Users\mohit\OneDrive\Documents\GitHub\Law-24\Mobile","nodejs":"C:\Program Files\nodejs"},"timestamp":0}
{"sessionId":"a08cc0","runId":"run-mobile-cmd","hypothesisId":"H27","location":"run-mobile.cmd","message":"Starting Expo in tunnel mode for cross-network mobile access","data":{"port":"55231","host":"tunnel"},"timestamp":0}
{"sessionId":"a08cc0","runId":"run-mobile-cmd","hypothesisId":"H24","location":"run-mobile.cmd","message":"LAN IP detection removed due command parser incompatibility","data":{"port":"55231"},"timestamp":0}
{"sessionId":"a08cc0","runId":"run-mobile-cmd","hypothesisId":"H19","location":"run-mobile.cmd","message":"Forcing Expo Go client mode","data":{"mode":"go"},"timestamp":0}
{"sessionId":"a08cc0","runId":"run-mobile-cmd","hypothesisId":"H22","location":"run-mobile.cmd","message":"Clearing Metro cache for mobile load reliability","data":{"clear":true},"timestamp":0}
{"sessionId":"a08cc0","hypothesisId":"H-shim","location":"nxp.cmd","message":"nxp shim invoked","data":{"rawArgs":"expo go"},"timestamp":0}
{"sessionId":"a08cc0","hypothesisId":"H32","location":"nxp.cmd","message":"Routing expo go through run-mobile.cmd for stable Expo Go behavior","data":{},"timestamp":0}
{"sessionId":"a08cc0","runId":"run-mobile-cmd","hypothesisId":"H11","location":"run-mobile.cmd","message":"Project launcher started","data":{"mobile":"C:\Users\mohit\OneDrive\Documents\GitHub\Law-24\Mobile","nodejs":"C:\Program Files\nodejs"},"timestamp":0}
{"sessionId":"a08cc0","runId":"run-mobile-cmd","hypothesisId":"H27","location":"run-mobile.cmd","message":"Starting Expo in tunnel mode for cross-network mobile access","data":{"port":"64433","host":"tunnel"},"timestamp":0}
{"sessionId":"a08cc0","runId":"run-mobile-cmd","hypothesisId":"H24","location":"run-mobile.cmd","message":"LAN IP detection removed due command parser incompatibility","data":{"port":"64433"},"timestamp":0}
{"sessionId":"a08cc0","runId":"run-mobile-cmd","hypothesisId":"H19","location":"run-mobile.cmd","message":"Forcing Expo Go client mode","data":{"mode":"go"},"timestamp":0}
{"sessionId":"a08cc0","runId":"run-mobile-cmd","hypothesisId":"H22","location":"run-mobile.cmd","message":"Clearing Metro cache for mobile load reliability","data":{"clear":true},"timestamp":0}
{"sessionId":"a08cc0","runId":"run-mobile-cmd","hypothesisId":"H18","location":"run-mobile.cmd","message":"Tunnel failed, falling back to LAN mode","data":{"port":"64433","host":"lan"},"timestamp":0}
{"sessionId":"a08cc0","runId":"run-mobile-cmd","hypothesisId":"H11","location":"run-mobile.cmd","message":"Project launcher started","data":{"mobile":"C:\Users\mohit\OneDrive\Documents\GitHub\Law-24\Mobile","nodejs":"C:\Program Files\nodejs"},"timestamp":0}
{"sessionId":"a08cc0","runId":"run-mobile-cmd","hypothesisId":"H27","location":"run-mobile.cmd","message":"Starting Expo in tunnel mode for cross-network mobile access","data":{"port":"55896","host":"tunnel"},"timestamp":0}
{"sessionId":"a08cc0","runId":"run-mobile-cmd","hypothesisId":"H24","location":"run-mobile.cmd","message":"LAN IP detection removed due command parser incompatibility","data":{"port":"55896"},"timestamp":0}
{"sessionId":"a08cc0","runId":"run-mobile-cmd","hypothesisId":"H19","location":"run-mobile.cmd","message":"Forcing Expo Go client mode","data":{"mode":"go"},"timestamp":0}
{"sessionId":"a08cc0","runId":"run-mobile-cmd","hypothesisId":"H22","location":"run-mobile.cmd","message":"Clearing Metro cache for mobile load reliability","data":{"clear":true},"timestamp":0}
{"sessionId":"a08cc0","runId":"run-mobile-cmd","hypothesisId":"H18","location":"run-mobile.cmd","message":"Tunnel failed, falling back to LAN mode","data":{"port":"55896","host":"lan"},"timestamp":0}
{"sessionId":"a08cc0","hypothesisId":"H-shim","location":"nxp.cmd","message":"nxp shim invoked","data":{"rawArgs":"expo go"},"timestamp":0}
{"sessionId":"a08cc0","hypothesisId":"H32","location":"nxp.cmd","message":"Routing expo go through run-mobile.cmd for stable Expo Go behavior","data":{},"timestamp":0}
{"sessionId":"a08cc0","runId":"run-mobile-cmd","hypothesisId":"H11","location":"run-mobile.cmd","message":"Project launcher started","data":{"mobile":"C:\Users\mohit\OneDrive\Documents\GitHub\Law-24\Mobile","nodejs":"C:\Program Files\nodejs"},"timestamp":0}
{"sessionId":"a08cc0","runId":"run-mobile-cmd","hypothesisId":"H27","location":"run-mobile.cmd","message":"Starting Expo in tunnel mode for cross-network mobile access","data":{"port":"61738","host":"tunnel"},"timestamp":0}
{"sessionId":"a08cc0","runId":"run-mobile-cmd","hypothesisId":"H24","location":"run-mobile.cmd","message":"LAN IP detection removed due command parser incompatibility","data":{"port":"61738"},"timestamp":0}
{"sessionId":"a08cc0","runId":"run-mobile-cmd","hypothesisId":"H19","location":"run-mobile.cmd","message":"Forcing Expo Go client mode","data":{"mode":"go"},"timestamp":0}
{"sessionId":"a08cc0","runId":"run-mobile-cmd","hypothesisId":"H22","location":"run-mobile.cmd","message":"Clearing Metro cache for mobile load reliability","data":{"clear":true},"timestamp":0}
{"sessionId":"a08cc0","runId":"run-mobile-cmd","hypothesisId":"H18","location":"run-mobile.cmd","message":"Tunnel failed, falling back to LAN mode","data":{"port":"61738","host":"lan"},"timestamp":0}
{"sessionId":"a08cc0","hypothesisId":"H-shim","location":"nxp.cmd","message":"nxp shim invoked","data":{"rawArgs":"expo go"},"timestamp":0}
{"sessionId":"a08cc0","hypothesisId":"H32","location":"nxp.cmd","message":"Routing expo go through run-mobile.cmd for stable Expo Go behavior","data":{},"timestamp":0}
{"sessionId":"a08cc0","runId":"run-mobile-cmd","hypothesisId":"H11","location":"run-mobile.cmd","message":"Project launcher started","data":{"mobile":"C:\Users\mohit\OneDrive\Documents\GitHub\Law-24\Mobile","nodejs":"C:\Program Files\nodejs"},"timestamp":0}
{"sessionId":"a08cc0","runId":"run-mobile-cmd","hypothesisId":"H27","location":"run-mobile.cmd","message":"Starting Expo in tunnel mode for cross-network mobile access","data":{"port":"52524","host":"tunnel"},"timestamp":0}
{"sessionId":"a08cc0","runId":"run-mobile-cmd","hypothesisId":"H24","location":"run-mobile.cmd","message":"LAN IP detection removed due command parser incompatibility","data":{"port":"52524"},"timestamp":0}
{"sessionId":"a08cc0","runId":"run-mobile-cmd","hypothesisId":"H19","location":"run-mobile.cmd","message":"Forcing Expo Go client mode","data":{"mode":"go"},"timestamp":0}
{"sessionId":"a08cc0","runId":"run-mobile-cmd","hypothesisId":"H22","location":"run-mobile.cmd","message":"Clearing Metro cache for mobile load reliability","data":{"clear":true},"timestamp":0}
{"sessionId":"a08cc0","runId":"run-mobile-cmd","hypothesisId":"H18","location":"run-mobile.cmd","message":"Tunnel failed, falling back to LAN mode","data":{"port":"52524","host":"lan"},"timestamp":0}
{"sessionId":"a08cc0","runId":"run-mobile-cmd","hypothesisId":"H18","location":"run-mobile.cmd","message":"Tunnel failed, falling back to LAN mode","data":{"port":"55231","host":"lan"},"timestamp":0}
{"sessionId":"a08cc0","runId":"run-mobile-cmd","hypothesisId":"H18","location":"run-mobile.cmd","message":"Tunnel failed, falling back to LAN mode","data":{"port":"51568","host":"lan"},"timestamp":0}
{"sessionId":"a08cc0","runId":"run-mobile-cmd","hypothesisId":"H18","location":"run-mobile.cmd","message":"Tunnel failed, falling back to LAN mode","data":{"port":"53029","host":"lan"},"timestamp":0}
{"sessionId":"a08cc0","hypothesisId":"H-shim","location":"nxp.cmd","message":"nxp shim invoked","data":{"rawArgs":"expo start"},"timestamp":0}
{"sessionId":"a08cc0","hypothesisId":"H-shim","location":"nxp.cmd","message":"nxp shim invoked","data":{"rawArgs":"expo start"},"timestamp":0}
{"sessionId":"a08cc0","runId":"run-mobile-cmd","hypothesisId":"H11","location":"run-mobile.cmd","message":"Project launcher started","data":{"mobile":"C:\Users\mohit\OneDrive\Documents\GitHub\Law-24\Mobile","nodejs":"C:\Program Files\nodejs"},"timestamp":0}
{"sessionId":"a08cc0","runId":"run-mobile-cmd","hypothesisId":"H27","location":"run-mobile.cmd","message":"Starting Expo in tunnel mode for cross-network mobile access","data":{"port":"54727","host":"tunnel"},"timestamp":0}
{"sessionId":"a08cc0","runId":"run-mobile-cmd","hypothesisId":"H24","location":"run-mobile.cmd","message":"LAN IP detection removed due command parser incompatibility","data":{"port":"54727"},"timestamp":0}
{"sessionId":"a08cc0","runId":"run-mobile-cmd","hypothesisId":"H19","location":"run-mobile.cmd","message":"Forcing Expo Go client mode","data":{"mode":"go"},"timestamp":0}
{"sessionId":"a08cc0","runId":"run-mobile-cmd","hypothesisId":"H22","location":"run-mobile.cmd","message":"Clearing Metro cache for mobile load reliability","data":{"clear":true},"timestamp":0}
{"sessionId":"a08cc0","runId":"run-mobile-cmd","hypothesisId":"H18","location":"run-mobile.cmd","message":"Tunnel failed, falling back to LAN mode","data":{"port":"54727","host":"lan"},"timestamp":0}
